---
source: lexion_lang/tests/backend_regressions.rs
expression: tac_snapshot(&cfg)
---
main:
  fn main
  store 1 -> $t1.first
  store 2 -> $t1.second
  store 3 -> $t1.third
  value = $t1
  $t2 = borrow value
  reference = $t2
  live = 10
  $t3 = load *reference
  copy = $t3
  store 4 -> $t4.first
  store 5 -> $t4.second
  store 6 -> $t4.third
  store $t4 -> *reference
  $t5 = load *reference
  loaded = $t5
  $t6 = load copy.first
  $t7 = live + $t6
  $t8 = load loaded.second
  $t9 = $t7 + $t8
  $t10 = load loaded.third
  $t11 = $t9 + $t10
  return $t11
  endfn main
