---
source: lexion_lang/tests/backend_regressions.rs
expression: tac_snapshot(&cfg)
snapshot_kind: text
---
make_point:
  extern make_point

member_place:
  fn member_place
  $t1 = call make_point
  point = $t1
  store 7 -> point.x
  $t2 = load point.x
  return $t2
  endfn member_place

index_place:
  fn index_place
  text = "abc"
  $t1 = load text[1]
  store $t1 -> text[0]
  $t2 = load text[0]
  return $t2
  endfn index_place

reference_place:
  fn reference_place
  value = 1
  $t1 = borrow value
  reference = $t1
  store 2 -> *reference
  $t2 = load *reference
  return $t2
  endfn reference_place
