---
source: lexion_lang/tests/backend_regressions.rs
expression: abi_allocation_snapshot(output)
snapshot_kind: text
---
function 0..0 $t1 [0:1..0:3] uses [0:2] -> Register(RAX) constraints [return@0:2 Register(RAX)]
function 0..0 value [0:0..0:2] uses [0:1] -> Register(RDI) constraints [param[0]@0:0 Register(RDI)]
function 1..6 $t1 [2:0..2:2] uses [2:1] -> Register(RAX)
function 1..6 $t2 [2:3..2:5] uses [2:4] -> Register(RAX) constraints [call add_one return@2:3 Register(RAX)]
function 1..6 $t3 [2:4..2:6] uses [2:5] -> Register(RDI)
function 1..6 $t4 [2:6..2:8] uses [2:7] -> Register(RAX)
function 1..6 $t5 [3:1..3:3] uses [3:2] -> Register(RAX)
function 1..6 i [1:2..2:9] uses [2:0, 2:2, 2:6] -> Stack(StackOffset(0)) constraints [call add_one arg[0]@2:2 Register(RDI)]
function 1..6 selected [4:0..6:1] uses [6:0] -> Register(RAX) constraints [return@6:0 Register(RAX)]
function 1..6 total [1:1..4:1] uses [2:4, 3:1, 4:0] -> Register(RBX)
