---
source: lexion_lang/tests/backend_regressions.rs
expression: "allocation_snapshot_with_registers(output, vec![Register::RAX])"
snapshot_kind: text
---
function 0..0 $t1 [0:1..0:3] uses [0:2] -> Stack(StackOffset(0))
function 0..0 value [0:0..0:2] uses [0:1] -> Register(RAX)
function 1..6 $t1 [2:0..2:2] uses [2:1] -> Register(RAX)
function 1..6 $t2 [2:3..2:5] uses [2:4] -> Register(RAX)
function 1..6 $t3 [2:4..2:6] uses [2:5] -> Stack(StackOffset(2))
function 1..6 $t4 [2:6..2:8] uses [2:7] -> Register(RAX)
function 1..6 $t5 [3:0..3:2] uses [3:1] -> Register(RAX)
function 1..6 i [1:2..2:9] uses [2:0, 2:2, 2:6] -> Stack(StackOffset(1))
function 1..6 total [1:1..4:1] uses [2:4, 3:0, 4:0] -> Stack(StackOffset(0))
