---
source: lexion_lang/tests/compiler_emit.rs
expression: assembly.as_str()
snapshot_kind: text
---
.intel_syntax noprefix
.text
.global main
main:
# fn main() -> i32 {
  push rbp
  mov rbp, rsp
#     let value = 1 + 2 * 3;
  mov eax, 2
  imul eax, 3
  mov edi, 1
  add edi, eax
  mov eax, edi
#     return value - 4;
  mov edi, eax
  sub edi, 4
  mov eax, edi
  pop rbp
  ret
