---
source: lexion_lang/tests/compile_err.rs
expression: "errors.join(\"\\n\")"
snapshot_kind: text
---
  x assignment through member, index, or dereference expressions is not supported yet
   ,-[tests/fixtures/errors/semantics/unsupported_address_assignment.lex:7:5]
 6 |     let value = point();
 7 |     value.x = 1;
   :     ^^^|^^^
   :        `-- here
 8 | }
   `----

  x assignment through member, index, or dereference expressions is not supported yet
    ,-[tests/fixtures/errors/semantics/unsupported_address_assignment.lex:11:5]
 10 |     let text = "abc";
 11 |     text[0] = text[1];
    :     ^^^|^^^
    :        `-- here
 12 | }
    `----

  x assignment through member, index, or dereference expressions is not supported yet
    ,-[tests/fixtures/errors/semantics/unsupported_address_assignment.lex:16:5]
 15 |     let reference = &value;
 16 |     *reference = 2;
    :     ^^^^^|^^^^
    :          `-- here
 17 | }
    `----

  x lvalue required as left operand of assignment
    ,-[tests/fixtures/errors/semantics/unsupported_address_assignment.lex:20:5]
 19 |     let value = 1;
 20 |     &value = 2;
    :     ^^^|^^
    :        `-- here
 21 | }
    `----
