---
source: lexion_lang/tests/x86_smoke.rs
assertion_line: 103
expression: "compile_x86(\"backend/x86_return_arithmetic.lex\")"
snapshot_kind: text
---
.intel_syntax noprefix
.text
.global main
main:
# fn main() -> i32 {
  push rbp
  mov rbp, rsp
  push rbx
  push r12
#     let value = 1 + 2 * 3;
  mov ebx, 2
  imul ebx, 3
  mov r12d, 1
  add r12d, ebx
  mov ebx, r12d
#     return value - 4;
  mov eax, ebx
  sub eax, 4
  pop r12
  pop rbx
  pop rbp
  ret
