---
source: lexion_lang/tests/x86_smoke.rs
expression: "compile_x86_error(\"backend/x86_unsupported_call_reference_arg.lex\").join(\"\\n\")"
snapshot_kind: text
---
  x x86 backend does not support reference parameters or returns yet: &i32
   ,-[tests/fixtures/backend/x86_unsupported_call_reference_arg.lex:1:4]
 1 | fn read(value: &i32) -> i32 {
   :    ^^|^
   :      `-- here
 2 |     return 1;
   `----

  x x86 backend does not support reference parameters or returns yet: &i32
   ,-[tests/fixtures/backend/x86_unsupported_call_reference_arg.lex:8:12]
 7 |     let reference = &value;
 8 |     return read(reference);
   :            ^^^^^^^|^^^^^^^
   :                   `-- here
 9 | }
   `----
