---
source: lexion_lang/tests/x86_elf.rs
expression: "compile_elf_error(\"backend/x86_unsupported_extern_call.lex\").join(\"\\n\")"
---
x86 ELF executable output does not support extern declarations yet: imported
x86 ELF executable output does not support calls to extern functions until relocations are implemented: imported
