---
source: lexion_lang/tests/x86_smoke.rs
assertion_line: 122
expression: "compile_x86_error(\"backend/x86_unsupported_struct.lex\").join(\"\\n\")"
snapshot_kind: text
---
  x x86 backend does not support struct aggregate values yet: Point
   ,-[tests/fixtures/backend/x86_unsupported_struct.lex:6:4]
 5 | 
 6 | fn get_x(point: Point) -> i32 {
   :    ^^|^^
   :      `-- here
 7 |     return point.x;
   `----
