---
source: lexion_lang/tests/x86_smoke.rs
expression: "compile_x86(\"backend/x86_return_bool.lex\")"
snapshot_kind: text
---
# fn main() -> bool {
#     let less = 1 < 2;
#     let same = less == true;
#     return same;
# }
.intel_syntax noprefix
.text
.global main
main:
  push rbp
  mov rbp, rsp
  sub rsp, 16
  mov eax, 1
  cmp eax, 2
  setl al
  movzx eax, al
  mov DWORD PTR [rbp-4], eax
  mov eax, DWORD PTR [rbp-4]
  mov DWORD PTR [rbp-12], eax
  mov eax, DWORD PTR [rbp-12]
  cmp eax, 1
  sete al
  movzx eax, al
  mov DWORD PTR [rbp-8], eax
  mov eax, DWORD PTR [rbp-8]
  mov DWORD PTR [rbp-16], eax
  mov eax, DWORD PTR [rbp-16]
  mov rsp, rbp
  pop rbp
  ret
