---
source: lexion_lang/tests/x86_smoke.rs
expression: "compile_x86_error(\"backend/x86_unsupported_tuple.lex\").join(\"\\n\")"
---
  x x86 backend does not support tuple values yet: (i32, bool)
   ,-[tests/fixtures/backend/x86_unsupported_tuple.lex:1:4]
 1 | fn first(value: (i32, bool)) -> i32 {
   :    ^^|^^
   :      `-- here
 2 |     return value.0;
   `----

  x x86 backend does not support member access yet
   ,-[tests/fixtures/backend/x86_unsupported_tuple.lex:2:12]
 1 | fn first(value: (i32, bool)) -> i32 {
 2 |     return value.0;
   :            ^^^|^^^
   :               `-- here
 3 | }
   `----
