---
source: lexion_lang/tests/x86_smoke.rs
assertion_line: 108
expression: "compile_x86(\"backend/x86_return_bool.lex\")"
snapshot_kind: text
---
.intel_syntax noprefix
.text
.global main
main:
# fn main() -> bool {
  push rbp
  mov rbp, rsp
  push rbx
  push r12
#     let less = 1 < 2;
  mov eax, 1
  cmp eax, 2
  setl al
  movzx eax, al
  mov ebx, eax
  mov r12d, ebx
#     let same = less == true;
  mov eax, r12d
  cmp eax, 1
  sete al
  movzx eax, al
  mov ebx, eax
  mov eax, ebx
#     return same;
  pop r12
  pop rbx
  pop rbp
  ret
