---
source: lexion_lang/tests/x86_machine.rs
expression: "compile_machine_code_error(\"backend/x86_unsupported_call_struct_arg.lex\").join(\"\\n\")"
---
x86 machine-code backend does not support register-pair aggregate ABI values yet: Point
x86 machine-code backend does not support non-integer aggregate ABI values yet: Point
