---
source: lexion_lang/tests/x86_smoke.rs
expression: "compile_x86(\"backend/ternary_expression.lex\")"
snapshot_kind: text
---
.intel_syntax noprefix
.text
.global main
main:
# fn main() -> i32 {
  push rbp
  mov rbp, rsp
#     let flag = 3 > 1;
  mov eax, 3
  cmp eax, 1
  setg al
  movzx eax, al
  mov edi, eax
#     let value = flag ? 7 : 2;
  mov eax, 0
  cmp eax, edi
  je $celse_1
$cthen_1:
  mov eax, 7
  jmp $cend_1
$celse_1:
  mov eax, 2
$cend_1:
  mov edi, eax
#     return value;
  mov eax, edi
  pop rbp
  ret
